// Vitest Snapshot v1, https://vitest.dev/guide/snapshot.html

exports[`API Response Snapshot Tests > ServerResponse structure > should match error response snapshot 1`] = `
{
  "data": null,
  "error": "Failed to fetch video metadata",
  "success": false,
}
`;

exports[`API Response Snapshot Tests > ServerResponse structure > should match success response snapshot 1`] = `
{
  "data": {
    "duration": 180,
    "formats": [],
    "thumbnail": "https://example.com/thumb.jpg",
    "title": "Test Video",
    "uploader": "TestChannel",
  },
  "error": null,
  "success": true,
}
`;
