// Vitest Snapshot v1, https://vitest.dev/guide/snapshot.html

exports[`Metadata Snapshot Tests > should transform yt-dlp output to expected metadata structure 1`] = `
{
  "duration": 180,
  "formats": ArrayContaining [
    ObjectContaining {
      "extension": "mp4",
      "formatId": "18",
    },
  ],
  "thumbnail": "https://example.com/thumbnail.jpg",
  "title": "Test Video Title",
  "uploader": "TestUploader",
}
`;
